<html>
<body>
<pre>
<h1>µVision Build Log</h1>
<h2>Project:</h2>
C:\CM DATA\ucs\ARM\INTERFACING PROGRAMS\CAN_Test\project.uvproj
Project File Date:  06/06/2023

<h2>Output:</h2>
Rebuild target 'Target 1'
assembling Startup.s...
compiling can.c...
compiling mainCAN_RxTest.c...
compiling delay.c...
compiling gp2d12.c...
compiling ADC.c...
compiling lcd.c...
linking...
Program Size: Code=2824 RO-data=16 RW-data=0 ZI-data=1256  
FromELF: creating hex file...
".\project.axf" - 0 Error(s), 0 Warning(s).
</pre>
</body>
</html>
: Code=4628 RO-data=16 RW-data=0 ZI-data=1256  
FromELF: creating hex file...
".\project.axf" - 0 Error(s), 1 Warning(s).
ng lcd.c...
linking...
Program Size: Code=4632 RO-data=16 RW-data=0 ZI-data=1256  
FromELF: creating hex file...
".\project.axf" - 0 Error(s), 2 Warning(s).
h information to list image symbols.
Finished: 1 information, 0 warning and 3 error messages.
".\project.axf" - 3 Error(s), 1 Warning(s).
Target not created
eated
