<html>
<body>
<pre>
<h1>µVision Build Log</h1>
<h2>Project:</h2>
C:\Documents and Settings\VECTOR\Desktop\ProjextCAN\project.uvproj
Project File Date:  06/09/2023

<h2>Output:</h2>
Build target 'Target 1'
assembling Startup.s...
compiling can.c...
compiling mainCAN_RxTest.c...
compiling delay.c...
compiling gp2d12.c...
compiling ADC.c...
compiling lcd.c...
linking...
Program Size: Code=2880 RO-data=16 RW-data=0 ZI-data=1256  
FromELF: creating hex file...
"project.axf" - 0 Error(s), 0 Warning(s).
Build target 'Target 1'
linking...
Program Size: Code=2880 RO-data=16 RW-data=0 ZI-data=1256  
FromELF: creating hex file...
"RX.axf" - 0 Error(s), 0 Warning(s).
Build target 'Target 1'
linking...
Program Size: Code=2880 RO-data=16 RW-data=0 ZI-data=1256  
FromELF: creating hex file...
"RX.axf" - 0 Error(s), 0 Warning(s).
Build target 'Target 1'
compiling lcd.c...
linking...
Program Size: Code=2880 RO-data=16 RW-data=0 ZI-data=1256  
FromELF: creating hex file...
"RX.axf" - 0 Error(s), 0 Warning(s).
Build target 'Target 1'
linking...
Program Size: Code=2880 RO-data=16 RW-data=0 ZI-data=1256  
FromELF: creating hex file...
"RX.axf" - 0 Error(s), 0 Warning(s).
Build target 'Target 1'
linking...
Program Size: Code=2880 RO-data=16 RW-data=0 ZI-data=1256  
FromELF: creating hex file...
"RX.axf" - 0 Error(s), 0 Warning(s).
Build target 'Target 1'
compiling mainTxNode.c...
linking...
Program Size: Code=4972 RO-data=32 RW-data=8 ZI-data=1256  
FromELF: creating hex file...
"RX.axf" - 0 Error(s), 0 Warning(s).
Build target 'Target 1'
linking...
Program Size: Code=4972 RO-data=32 RW-data=8 ZI-data=1256  
FromELF: creating hex file...
"TX.axf" - 0 Error(s), 0 Warning(s).
Build target 'Target 1'
compiling mainTxNode.c...
mainTxNode.c(15): warning:  #550-D: variable "txFrame" was set but never used
mainTxNode.c:     struct CAN_Frame txFrame;    
mainTxNode.c:                      ^
mainTxNode.c: mainTxNode.c: 1 warning, 0 errors
linking...
Program Size: Code=4924 RO-data=32 RW-data=8 ZI-data=1256  
FromELF: creating hex file...
"TX.axf" - 0 Error(s), 1 Warning(s).
Build target 'Target 1'
compiling mainTxNode.c...
mainTxNode.c(15): warning:  #550-D: variable "txFrame" was set but never used
mainTxNode.c:     struct CAN_Frame txFrame;    
mainTxNode.c:                      ^
mainTxNode.c: mainTxNode.c: 1 warning, 0 errors
linking...
Program Size: Code=4924 RO-data=32 RW-data=8 ZI-data=1256  
FromELF: creating hex file...
"TX.axf" - 0 Error(s), 1 Warning(s).
Build target 'Target 1'
compiling mainTxNode.c...
mainTxNode.c(15): warning:  #550-D: variable "txFrame" was set but never used
mainTxNode.c:     struct CAN_Frame txFrame;    
mainTxNode.c:                      ^
mainTxNode.c: mainTxNode.c: 1 warning, 0 errors
linking...
Program Size: Code=4960 RO-data=32 RW-data=8 ZI-data=1256  
FromELF: creating hex file...
"TX.axf" - 0 Error(s), 1 Warning(s).
Build target 'Target 1'
compiling mainTxNode.c...
mainTxNode.c(15): warning:  #550-D: variable "txFrame" was set but never used
mainTxNode.c:     struct CAN_Frame txFrame;    
mainTxNode.c:                      ^
mainTxNode.c: mainTxNode.c: 1 warning, 0 errors
linking...
Program Size: Code=4968 RO-data=32 RW-data=8 ZI-data=1256  
FromELF: creating hex file...
"TX.axf" - 0 Error(s), 1 Warning(s).
Build target 'Target 1'
compiling mainTxNode.c...
mainTxNode.c(15): warning:  #550-D: variable "txFrame" was set but never used
mainTxNode.c:     struct CAN_Frame txFrame;    
mainTxNode.c:                      ^
mainTxNode.c: mainTxNode.c: 1 warning, 0 errors
linking...
Program Size: Code=4980 RO-data=32 RW-data=8 ZI-data=1256  
FromELF: creating hex file...
"TX.axf" - 0 Error(s), 1 Warning(s).
Build target 'Target 1'
compiling mainTxNode.c...
linking...
Program Size: Code=5036 RO-data=32 RW-data=8 ZI-data=1256  
FromELF: creating hex file...
"TX.axf" - 0 Error(s), 0 Warning(s).
Build target 'Target 1'
compiling mainTxNode.c...
linking...
Program Size: Code=5052 RO-data=32 RW-data=8 ZI-data=1256  
FromELF: creating hex file...
"TX.axf" - 0 Error(s), 0 Warning(s).
Build target 'Target 1'
compiling mainTxNode.c...
mainTxNode.c(15): warning:  #550-D: variable "txFrame" was set but never used
mainTxNode.c:     struct CAN_Frame txFrame;    
mainTxNode.c:                      ^
mainTxNode.c: mainTxNode.c: 1 warning, 0 errors
linking...
Program Size: Code=4936 RO-data=32 RW-data=8 ZI-data=1256  
FromELF: creating hex file...
"TX.axf" - 0 Error(s), 1 Warning(s).
Build target 'Target 1'
assembling Startup.s...
compiling can.c...
compiling mainCAN_RxTest.c...
compiling delay.c...
compiling gp2d12.c...
compiling ADC.c...
compiling lcd.c...
linking...
Program Size: Code=2880 RO-data=16 RW-data=0 ZI-data=1256  
FromELF: creating hex file...
"TX.axf" - 0 Error(s), 0 Warning(s).
Build target 'Target 1'
assembling Startup.s...
compiling can.c...
compiling mainTxNode.c...
compiling delay.c...
compiling gp2d12.c...
compiling ADC.c...
compiling lcd.c...
linking...
Program Size: Code=5036 RO-data=32 RW-data=8 ZI-data=1256  
FromELF: creating hex file...
"TX.axf" - 0 Error(s), 0 Warning(s).
Build target 'Target 1'
linking...
Program Size: Code=5036 RO-data=32 RW-data=8 ZI-data=1256  
FromELF: creating hex file...
"TX.axf" - 0 Error(s), 0 Warning(s).
Build target 'Target 1'
linking...
Program Size: Code=5036 RO-data=32 RW-data=8 ZI-data=1256  
FromELF: creating hex file...
"TX.axf" - 0 Error(s), 0 Warning(s).
Build target 'Target 1'
linking...
Program Size: Code=5036 RO-data=32 RW-data=8 ZI-data=1256  
FromELF: creating hex file...
"TX.axf" - 0 Error(s), 0 Warning(s).
Build target 'Target 1'
compiling mainCAN_RxTest.c...
mainCAN_RxTest.c(10): error:  #268: declaration may not appear after executable statement in block
mainCAN_RxTest.c:       struct CAN_Frame rxFrame;   
mainCAN_RxTest.c:       ^
mainCAN_RxTest.c: mainCAN_RxTest.c: 0 warnings, 1 error
Target not created
Build target 'Target 1'
compiling mainCAN_RxTest.c...
mainCAN_RxTest.c(10): error:  #268: declaration may not appear after executable statement in block
mainCAN_RxTest.c:       struct CAN_Frame rxFrame;   
mainCAN_RxTest.c:       ^
mainCAN_RxTest.c: mainCAN_RxTest.c: 0 warnings, 1 error
Target not created
